[    0.000000] Linux version 5.0.0-23-generic (buildd@lgw01-amd64-030) (gcc version 7.4.0 (Ubuntu 7.4.0-1ubuntu1~18.04.1)) #24~18.04.1-Ubuntu SMP Mon Jul 29 16:12:28 UTC 2019 (Ubuntu 5.0.0-23.24~18.04.1-generic 5.0.15)
[    0.000000] Command line: BOOT_IMAGE=/boot/vmlinuz-5.0.0-23-generic root=UUID=0d549bec-7262-4905-8435-17921092100b ro console=tty1 console=ttyS0
[    0.000000] KERNEL supported cpus:
[    0.000000]   Intel GenuineIntel
[    0.000000]   AMD AuthenticAMD
[    0.000000]   Hygon HygonGenuine
[    0.000000]   Centaur CentaurHauls
[    0.000000] x86/fpu: Supporting XSAVE feature 0x001: 'x87 floating point registers'
[    0.000000] x86/fpu: Supporting XSAVE feature 0x002: 'SSE registers'
[    0.000000] x86/fpu: Supporting XSAVE feature 0x004: 'AVX registers'
[    0.000000] x86/fpu: xstate_offset[2]:  576, xstate_sizes[2]:  256
[    0.000000] x86/fpu: Enabled xstate features 0x7, context size is 832 bytes, using 'standard' format.
[    0.000000] BIOS-provided physical RAM map:
[    0.000000] BIOS-e820: [mem 0x0000000000000000-0x000000000009fbff] usable
[    0.000000] BIOS-e820: [mem 0x000000000009fc00-0x000000000009ffff] reserved
[    0.000000] BIOS-e820: [mem 0x00000000000f0000-0x00000000000fffff] reserved
[    0.000000] BIOS-e820: [mem 0x0000000000100000-0x000000007ffeffff] usable
[    0.000000] BIOS-e820: [mem 0x000000007fff0000-0x000000007fffffff] ACPI data
[    0.000000] BIOS-e820: [mem 0x00000000fec00000-0x00000000fec00fff] reserved
[    0.000000] BIOS-e820: [mem 0x00000000fee00000-0x00000000fee00fff] reserved
[    0.000000] BIOS-e820: [mem 0x00000000fffc0000-0x00000000ffffffff] reserved
[    0.000000] NX (Execute Disable) protection: active
[    0.000000] SMBIOS 2.5 present.
[    0.000000] DMI: innotek GmbH VirtualBox/VirtualBox, BIOS VirtualBox 12/01/2006
[    0.000000] Hypervisor detected: KVM
[    0.000000] kvm-clock: Using msrs 4b564d01 and 4b564d00
[    0.000001] kvm-clock: cpu 0, msr 61c01001, primary cpu clock
[    0.000001] kvm-clock: using sched offset of 4501497950 cycles
[    0.000005] clocksource: kvm-clock: mask: 0xffffffffffffffff max_cycles: 0x1cd42e4dffb, max_idle_ns: 881590591483 ns
[    0.000011] tsc: Detected 2494.236 MHz processor
[    0.009078] last_pfn = 0x7fff0 max_arch_pfn = 0x400000000
[    0.009101] Disabled
[    0.009104] x86/PAT: MTRRs disabled, skipping PAT initialization too.
[    0.009109] CPU MTRRs all blank - virtualized system.
[    0.009115] x86/PAT: Configuration [0-7]: WB  WT  UC- UC  WB  WT  UC- UC  
[    0.009217] found SMP MP-table at [mem 0x0009fff0-0x0009ffff]
[    0.144529] check: Scanning 1 areas for low memory corruption
[    0.145171] RAMDISK: [mem 0x35895000-0x36c41fff]
[    0.145189] ACPI: Early table checksum verification disabled
[    0.145221] ACPI: RSDP 0x00000000000E0000 000024 (v02 VBOX  )
[    0.145229] ACPI: XSDT 0x000000007FFF0030 00003C (v01 VBOX   VBOXXSDT 00000001 ASL  00000061)
[    0.145241] ACPI: FACP 0x000000007FFF00F0 0000F4 (v04 VBOX   VBOXFACP 00000001 ASL  00000061)
[    0.145255] ACPI: DSDT 0x000000007FFF0470 002325 (v02 VBOX   VBOXBIOS 00000002 INTL 20100528)
[    0.145265] ACPI: FACS 0x000000007FFF0200 000040
[    0.145274] ACPI: FACS 0x000000007FFF0200 000040
[    0.145282] ACPI: APIC 0x000000007FFF0240 00005C (v02 VBOX   VBOXAPIC 00000001 ASL  00000061)
[    0.145292] ACPI: SSDT 0x000000007FFF02A0 0001CC (v01 VBOX   VBOXCPUT 00000002 INTL 20100528)
[    0.146127] No NUMA configuration found
[    0.146130] Faking a node at [mem 0x0000000000000000-0x000000007ffeffff]
[    0.146155] NODE_DATA(0) allocated [mem 0x7ffc5000-0x7ffeffff]
[    0.150879] Zone ranges:
[    0.150883]   DMA      [mem 0x0000000000001000-0x0000000000ffffff]
[    0.150887]   DMA32    [mem 0x0000000001000000-0x000000007ffeffff]
[    0.150891]   Normal   empty
[    0.150894]   Device   empty
[    0.150897] Movable zone start for each node
[    0.150907] Early memory node ranges
[    0.150910]   node   0: [mem 0x0000000000001000-0x000000000009efff]
[    0.150913]   node   0: [mem 0x0000000000100000-0x000000007ffeffff]
[    0.154553] Zeroed struct page in unavailable ranges: 98 pages
[    0.154556] Initmem setup node 0 [mem 0x0000000000001000-0x000000007ffeffff]
[    0.198650] ACPI: PM-Timer IO Port: 0x4008
[    0.198805] IOAPIC[0]: apic_id 2, version 32, address 0xfec00000, GSI 0-23
[    0.198821] ACPI: INT_SRC_OVR (bus 0 bus_irq 0 global_irq 2 dfl dfl)
[    0.198826] ACPI: INT_SRC_OVR (bus 0 bus_irq 9 global_irq 9 low level)
[    0.198838] Using ACPI (MADT) for SMP configuration information
[    0.198851] smpboot: Allowing 2 CPUs, 0 hotplug CPUs
[    0.198886] PM: Registered nosave memory: [mem 0x00000000-0x00000fff]
[    0.198890] PM: Registered nosave memory: [mem 0x0009f000-0x0009ffff]
[    0.198893] PM: Registered nosave memory: [mem 0x000a0000-0x000effff]
[    0.198896] PM: Registered nosave memory: [mem 0x000f0000-0x000fffff]
[    0.198911] [mem 0x80000000-0xfebfffff] available for PCI devices
[    0.198914] Booting paravirtualized kernel on KVM
[    0.198919] clocksource: refined-jiffies: mask: 0xffffffff max_cycles: 0xffffffff, max_idle_ns: 7645519600211568 ns
[    0.198941] random: get_random_bytes called from start_kernel+0x97/0x516 with crng_init=0
[    0.198953] setup_percpu: NR_CPUS:8192 nr_cpumask_bits:2 nr_cpu_ids:2 nr_node_ids:1
[    0.202901] percpu: Embedded 46 pages/cpu s151552 r8192 d28672 u1048576
[    0.202987] PV qspinlock hash table entries: 256 (order: 0, 4096 bytes)
[    0.202996] Built 1 zonelists, mobility grouping on.  Total pages: 515961
[    0.202999] Policy zone: DMA32
[    0.203003] Kernel command line: BOOT_IMAGE=/boot/vmlinuz-5.0.0-23-generic root=UUID=0d549bec-7262-4905-8435-17921092100b ro console=tty1 console=ttyS0
[    0.215704] Memory: 2010020K/2096696K available (14339K kernel code, 2335K rwdata, 4312K rodata, 2584K init, 5196K bss, 86676K reserved, 0K cma-reserved)
[    0.219827] SLUB: HWalign=64, Order=0-3, MinObjects=0, CPUs=2, Nodes=1
[    0.219846] Kernel/User page tables isolation: enabled
[    0.219881] ftrace: allocating 41572 entries in 163 pages
[    0.270398] rcu: Hierarchical RCU implementation.
[    0.270402] rcu: 	RCU restricting CPUs from NR_CPUS=8192 to nr_cpu_ids=2.
[    0.270405] 	Tasks RCU enabled.
[    0.270407] rcu: RCU calculated value of scheduler-enlistment delay is 25 jiffies.
[    0.270410] rcu: Adjusting geometry for rcu_fanout_leaf=16, nr_cpu_ids=2
[    0.283848] NR_IRQS: 524544, nr_irqs: 440, preallocated irqs: 16
[    0.312785] Console: colour VGA+ 80x25
[    0.379532] printk: console [tty1] enabled
[    0.583409] printk: console [ttyS0] enabled
[    0.584966] ACPI: Core revision 20181213
[    0.586527] APIC: Switch to symmetric I/O mode setup
[    0.588758] x2apic enabled
[    0.590514] Switched APIC routing to physical x2apic.
[    0.595893] ..TIMER: vector=0x30 apic1=0 pin1=2 apic2=-1 pin2=-1
[    0.597764] clocksource: tsc-early: mask: 0xffffffffffffffff max_cycles: 0x23f3f4aee88, max_idle_ns: 440795261827 ns
[    0.601059] Calibrating delay loop (skipped) preset value.. 4988.47 BogoMIPS (lpj=9976944)
[    0.605044] pid_max: default: 32768 minimum: 301
[    0.606568] LSM: Security Framework initializing
[    0.608093] Yama: becoming mindful.
[    0.609070] AppArmor: AppArmor initialized
[    0.613330] Dentry cache hash table entries: 262144 (order: 9, 2097152 bytes)
[    0.617122] Inode-cache hash table entries: 131072 (order: 8, 1048576 bytes)
[    0.619190] Mount-cache hash table entries: 4096 (order: 3, 32768 bytes)
[    0.621051] Mountpoint-cache hash table entries: 4096 (order: 3, 32768 bytes)
[    0.623622] mce: CPU supports 0 MCE banks
[    0.625069] Last level iTLB entries: 4KB 1024, 2MB 1024, 4MB 1024
[    0.626883] Last level dTLB entries: 4KB 1024, 2MB 1024, 4MB 1024, 1GB 4
[    0.629045] Spectre V2 : Mitigation: Full generic retpoline
[    0.630740] Spectre V2 : Spectre v2 / SpectreRSB mitigation: Filling RSB on context switch
[    0.633040] Speculative Store Bypass: Vulnerable
[    0.633108] MDS: Mitigation: Clear CPU buffers
[    0.634810] Freeing SMP alternatives memory: 36K
[    0.641040] smpboot: CPU0: Intel(R) Core(TM) i7-4710MQ CPU @ 2.50GHz (family: 0x6, model: 0x3c, stepping: 0x3)
[    0.641040] Performance Events: unsupported p6 CPU model 60 no PMU driver, software events only.
[    0.641089] rcu: Hierarchical SRCU implementation.
[    0.645512] random: crng done (trusting CPU's manufacturer)
[    0.647225] NMI watchdog: Perf NMI watchdog permanently disabled
[    0.649040] smp: Bringing up secondary CPUs ...
[    0.649192] x86: Booting SMP configuration:
[    0.650631] .... node  #0, CPUs:      #1
[    0.307562] kvm-clock: cpu 1, msr 61c01041, secondary cpu clock
[    0.307562] mce: CPU supports 0 MCE banks
[    0.657073] smp: Brought up 1 node, 2 CPUs
[    0.658444] smpboot: Max logical packages: 1
[    0.659895] smpboot: Total of 2 processors activated (9976.94 BogoMIPS)
[    0.661302] devtmpfs: initialized
[    0.662333] x86/mm: Memory block size: 128MB
[    0.665508] clocksource: jiffies: mask: 0xffffffff max_cycles: 0xffffffff, max_idle_ns: 7645041785100000 ns
[    0.668016] futex hash table entries: 512 (order: 3, 32768 bytes)
[    0.669110] pinctrl core: initialized pinctrl subsystem
[    0.673153] RTC time: 00:35:05, date: 2020-10-21
[    0.677324] NET: Registered protocol family 16
[    0.678991] audit: initializing netlink subsys (disabled)
[    0.681084] audit: type=2000 audit(1603240510.818:1): state=initialized audit_enabled=0 res=1
[    0.681284] EISA bus registered
[    0.685053] cpuidle: using governor ladder
[    0.686503] cpuidle: using governor menu
[    0.687900] ACPI: bus type PCI registered
[    0.689044] acpiphp: ACPI Hot Plug PCI Controller Driver version: 0.5
[    0.691092] PCI: Using configuration type 1 for base access
[    0.697108] HugeTLB registered 2.00 MiB page size, pre-allocated 0 pages
[    0.699061] ACPI: Added _OSI(Module Device)
[    0.699061] ACPI: Added _OSI(Processor Device)
[    0.701052] ACPI: Added _OSI(3.0 _SCP Extensions)
[    0.702527] ACPI: Added _OSI(Processor Aggregator Device)
[    0.704156] ACPI: Added _OSI(Linux-Dell-Video)
[    0.705045] ACPI: Added _OSI(Linux-Lenovo-NV-HDMI-Audio)
[    0.706644] ACPI: Added _OSI(Linux-HPI-Hybrid-Graphics)
[    0.719150] ACPI: 2 ACPI AML tables successfully acquired and loaded
[    0.727176] ACPI: Interpreter enabled
[    0.728389] ACPI: (supports S0 S5)
[    0.729043] ACPI: Using IOAPIC for interrupt routing
[    0.731439] PCI: Using host bridge windows from ACPI; if necessary, use "pci=nocrs" and report a bug
[    0.733383] ACPI: Enabled 2 GPEs in block 00 to 07
[    0.751819] ACPI: PCI Root Bridge [PCI0] (domain 0000 [bus 00-ff])
[    0.753051] acpi PNP0A03:00: _OSC: OS supports [ASPM ClockPM Segments MSI]
[    0.758340] acpi PNP0A03:00: _OSC: not requesting OS control; OS requires [ExtendedConfig ASPM ClockPM MSI]
[    0.761040] acpi PNP0A03:00: fail to add MMCONFIG information, can't access extended PCI configuration space under this bridge.
[    0.765406] PCI host bridge to bus 0000:00
[    0.766724] pci_bus 0000:00: root bus resource [io  0x0000-0x0cf7 window]
[    0.768684] pci_bus 0000:00: root bus resource [io  0x0d00-0xffff window]
[    0.769045] pci_bus 0000:00: root bus resource [mem 0x000a0000-0x000bffff window]
[    0.773045] pci_bus 0000:00: root bus resource [mem 0x80000000-0xfdffffff window]
[    0.775911] pci_bus 0000:00: root bus resource [bus 00-ff]
[    0.782536] pci 0000:00:01.1: legacy IDE quirk: reg 0x10: [io  0x01f0-0x01f7]
[    0.784603] pci 0000:00:01.1: legacy IDE quirk: reg 0x14: [io  0x03f6]
[    0.785045] pci 0000:00:01.1: legacy IDE quirk: reg 0x18: [io  0x0170-0x0177]
[    0.787105] pci 0000:00:01.1: legacy IDE quirk: reg 0x1c: [io  0x0376]
[    0.840744] pci 0000:00:07.0: quirk: [io  0x4000-0x403f] claimed by PIIX4 ACPI
[    0.841062] pci 0000:00:07.0: quirk: [io  0x4100-0x410f] claimed by PIIX4 SMB
[    0.888986] ACPI: PCI Interrupt Link [LNKA] (IRQs 5 9 10 *11)
[    0.890048] ACPI: PCI Interrupt Link [LNKB] (IRQs 5 9 *10 11)
[    0.893327] ACPI: PCI Interrupt Link [LNKC] (IRQs 5 *9 10 11)
[    0.895364] ACPI: PCI Interrupt Link [LNKD] (IRQs 5 9 10 *11)
[    0.897468] SCSI subsystem initialized
[    0.898889] pci 0000:00:02.0: vgaarb: setting as boot VGA device
[    0.898960] pci 0000:00:02.0: vgaarb: VGA device added: decodes=io+mem,owns=io+mem,locks=none
[    0.901048] pci 0000:00:02.0: vgaarb: bridge control possible
[    0.905043] vgaarb: loaded
[    0.906052] ACPI: bus type USB registered
[    0.907377] usbcore: registered new interface driver usbfs
[    0.909057] usbcore: registered new interface driver hub
[    0.910823] usbcore: registered new device driver usb
[    0.913097] pps_core: LinuxPPS API ver. 1 registered
[    0.914675] pps_core: Software ver. 5.3.6 - Copyright 2005-2007 Rodolfo Giometti <giometti@linux.it>
[    0.917049] PTP clock support registered
[    0.918463] EDAC MC: Ver: 3.0.0
[    0.921368] PCI: Using ACPI for IRQ routing
[    0.923043] NetLabel: Initializing
[    0.924205] NetLabel:  domain hash size = 128
[    0.925044] NetLabel:  protocols = UNLABELED CIPSOv4 CALIPSO
[    0.926797] NetLabel:  unlabeled traffic allowed by default
[    0.929245] clocksource: Switched to clocksource kvm-clock
[    0.977682] VFS: Disk quotas dquot_6.6.0
[    0.979033] VFS: Dquot-cache hash table entries: 512 (order 0, 4096 bytes)
[    0.981269] AppArmor: AppArmor Filesystem Enabled
[    0.982755] pnp: PnP ACPI init
[    0.986398] pnp: PnP ACPI: found 3 devices
[    0.998598] clocksource: acpi_pm: mask: 0xffffff max_cycles: 0xffffff, max_idle_ns: 2085701024 ns
[    1.001513] NET: Registered protocol family 2
[    1.003401] tcp_listen_portaddr_hash hash table entries: 1024 (order: 2, 16384 bytes)
[    1.006014] TCP established hash table entries: 16384 (order: 5, 131072 bytes)
[    1.008412] TCP bind hash table entries: 16384 (order: 6, 262144 bytes)
[    1.014205] TCP: Hash tables configured (established 16384 bind 16384)
[    1.016209] UDP hash table entries: 1024 (order: 3, 32768 bytes)
[    1.018243] UDP-Lite hash table entries: 1024 (order: 3, 32768 bytes)
[    1.020223] NET: Registered protocol family 1
[    1.021732] NET: Registered protocol family 44
[    1.023132] pci 0000:00:00.0: Limiting direct PCI/PCI transfers
[    1.024970] pci 0000:00:01.0: Activating ISA DMA hang workarounds
[    1.026986] pci 0000:00:02.0: Video device with shadowed ROM at [mem 0x000c0000-0x000dffff]
[    1.029770] Unpacking initramfs...
[    1.721940] Freeing initrd memory: 20148K
[    1.723584] clocksource: tsc: mask: 0xffffffffffffffff max_cycles: 0x23f3f4aee88, max_idle_ns: 440795261827 ns
[    1.726820] platform rtc_cmos: registered platform RTC device (no PNP device found)
[    1.729353] check: Scanning for low memory corruption every 60 seconds
[    1.733662] Initialise system trusted keyrings
[    1.735127] Key type blacklist registered
[    1.736504] workingset: timestamp_bits=36 max_order=19 bucket_order=0
[    1.742146] zbud: loaded
[    1.744020] squashfs: version 4.0 (2009/01/31) Phillip Lougher
[    1.746333] fuse init (API version 7.28)
[    1.795363] Key type asymmetric registered
[    1.796983] Asymmetric key parser 'x509' registered
[    1.798656] Block layer SCSI generic (bsg) driver version 0.4 loaded (major 243)
[    1.801123] io scheduler mq-deadline registered
[    1.802952] shpchp: Standard Hot Plug PCI Controller Driver version: 0.4
[    1.805175] ACPI: AC Adapter [AC] (on-line)
[    1.806686] input: Power Button as /devices/LNXSYSTM:00/LNXPWRBN:00/input/input0
[    1.809049] ACPI: Power Button [PWRF]
[    1.812645] input: Sleep Button as /devices/LNXSYSTM:00/LNXSLPBN:00/input/input1
[    1.815130] ACPI: Sleep Button [SLPF]
[    1.818761] battery: ACPI: Battery Slot [BAT0] (battery present)
[    1.820632] Serial: 8250/16550 driver, 32 ports, IRQ sharing enabled
[    1.843866] 00:02: ttyS0 at I/O 0x3f8 (irq = 4, base_baud = 115200) is a 16550A
[    1.850826] Linux agpgart interface v0.103
[    1.855404] loop: module loaded
[    1.857810] scsi host0: ata_piix
[    1.859204] scsi host1: ata_piix
[    1.860325] ata1: PATA max UDMA/33 cmd 0x1f0 ctl 0x3f6 bmdma 0xd000 irq 14
[    1.862501] ata2: PATA max UDMA/33 cmd 0x170 ctl 0x376 bmdma 0xd008 irq 15
[    1.864955] libphy: Fixed MDIO Bus: probed
[    1.866347] tun: Universal TUN/TAP device driver, 1.6
[    1.868102] PPP generic driver version 2.4.2
[    1.869657] ehci_hcd: USB 2.0 'Enhanced' Host Controller (EHCI) Driver
[    1.871671] ehci-pci: EHCI PCI platform driver
[    1.873167] ehci-platform: EHCI generic platform driver
[    1.874844] ohci_hcd: USB 1.1 'Open' Host Controller (OHCI) Driver
[    1.876756] ohci-pci: OHCI PCI platform driver
[    1.878281] ohci-platform: OHCI generic platform driver
[    1.879888] uhci_hcd: USB Universal Host Controller Interface driver
[    1.881981] i8042: PNP: PS/2 Controller [PNP0303:PS2K,PNP0f03:PS2M] at 0x60,0x64 irq 1,12
[    1.885722] serio: i8042 KBD port at 0x60,0x64 irq 1
[    1.887390] serio: i8042 AUX port at 0x60,0x64 irq 12
[    1.889339] mousedev: PS/2 mouse device common for all mice
[    1.892046] input: AT Translated Set 2 keyboard as /devices/platform/i8042/serio0/input/input2
[    1.893228] rtc_cmos rtc_cmos: registered as rtc0
[    1.896214] rtc_cmos rtc_cmos: alarms up to one day, 114 bytes nvram
[    1.898257] i2c /dev entries driver
[    1.899592] device-mapper: uevent: version 1.0.3
[    1.901221] device-mapper: ioctl: 4.39.0-ioctl (2018-04-03) initialised: dm-devel@redhat.com
[    1.903864] platform eisa.0: Probing EISA bus 0
[    1.905213] platform eisa.0: EISA: Cannot allocate resource for mainboard
[    1.907326] platform eisa.0: Cannot allocate resource for EISA slot 1
[    1.909253] platform eisa.0: Cannot allocate resource for EISA slot 2
[    1.911306] platform eisa.0: Cannot allocate resource for EISA slot 3
[    1.913230] platform eisa.0: Cannot allocate resource for EISA slot 4
[    1.915207] platform eisa.0: Cannot allocate resource for EISA slot 5
[    1.917131] platform eisa.0: Cannot allocate resource for EISA slot 6
[    1.919129] platform eisa.0: Cannot allocate resource for EISA slot 7
[    1.921048] platform eisa.0: Cannot allocate resource for EISA slot 8
[    1.923002] platform eisa.0: EISA: Detected 0 cards
[    1.924613] ledtrig-cpu: registered to indicate activity on CPUs
[    1.926930] NET: Registered protocol family 10
[    1.936925] Segment Routing with IPv6
[    1.938292] NET: Registered protocol family 17
[    1.939875] Key type dns_resolver registered
[    1.941583] RAS: Correctable Errors collector initialized.
[    1.943425] sched_clock: Marking stable (1637988185, 303562184)->(2054787472, -113237103)
[    1.946762] registered taskstats version 1
[    1.948180] Loading compiled-in X.509 certificates
[    1.952505] Loaded X.509 cert 'Build time autogenerated kernel key: caf27ed67be6a8d4c681ef3325a4613a9f2d2943'
[    1.955767] zswap: loaded using pool lzo/zbud
[    1.966283] Key type big_key registered
[    1.967650] Key type trusted registered
[    1.973664] Key type encrypted registered
[    1.975058] AppArmor: AppArmor sha1 policy hashing enabled
[    1.976800] ima: No TPM chip found, activating TPM-bypass!
[    1.978609] ima: Allocated hash algorithm: sha1
[    1.980103] No architecture policies found
[    1.981452] evm: Initialising EVM extended attributes:
[    1.983163] evm: security.selinux
[    1.984298] evm: security.SMACK64
[    1.985509] evm: security.SMACK64EXEC
[    1.986799] evm: security.SMACK64TRANSMUTE
[    1.988188] evm: security.SMACK64MMAP
[    1.989406] evm: security.apparmor
[    1.990649] evm: security.ima
[    1.991708] evm: security.capability
[    1.992975] evm: HMAC attrs: 0x1
[    1.994576]   Magic number: 8:628:557
[    1.996058] rtc_cmos rtc_cmos: setting system clock to 2020-10-21T00:35:06 UTC (1603240506)
[    2.051120] Freeing unused decrypted memory: 2040K
[    2.053583] Freeing unused kernel image memory: 2584K
[    2.065902] Write protecting the kernel read-only data: 22528k
[    2.068890] Freeing unused kernel image memory: 2016K
[    2.071238] Freeing unused kernel image memory: 1832K
[    2.107488] x86/mm: Checked W+X mappings: passed, no W+X pages found.
[    2.109470] x86/mm: Checking user space page tables
[    2.145798] x86/mm: Checked W+X mappings: passed, no W+X pages found.
[    2.147757] Run /init as init process
Loading, please wait...
starting version 237
[    2.291492] e1000: Intel(R) PRO/1000 Network Driver - version 7.3.21-k8-NAPI
[    2.293727] e1000: Copyright (c) 1999-2006 Intel Corporation.
[    2.297888] Fusion MPT base driver 3.04.20
[    2.299301] Copyright (c) 1999-2008 LSI Corporation
[    2.315487] cryptd: max_cpu_qlen set to 1000
[    2.350617] AVX2 version of gcm_enc/dec engaged.
[    2.352201] AES CTR mode by8 optimization enabled
[    2.363798] Fusion MPT SPI Host driver 3.04.20
[    2.381126] mptbase: ioc0: Initiating bringup
[    2.477670] ioc0: LSI53C1030 A0: Capabilities={Initiator}
[    2.545853] input: ImExPS/2 Generic Explorer Mouse as /devices/platform/i8042/serio1/input/input4
[    2.719880] scsi host2: ioc0: LSI53C1030 A0, FwRev=00000000h, Ports=1, MaxQ=256, IRQ=20
[    2.833822] e1000 0000:00:03.0 eth0: (PCI:33MHz:32-bit) 02:59:f8:fd:ee:87
[    2.836191] e1000 0000:00:03.0 eth0: Intel(R) PRO/1000 Network Connection
[    2.909806] scsi 2:0:0:0: Direct-Access     VBOX     HARDDISK         1.0  PQ: 0 ANSI: 5
[    3.025172] scsi target2:0:0: Beginning Domain Validation
[    3.029208] scsi target2:0:0: Domain Validation skipping write tests
[    3.031628] scsi target2:0:0: Ending Domain Validation
[    3.033402] scsi target2:0:0: asynchronous
[    3.035883] scsi 2:0:1:0: Direct-Access     VBOX     HARDDISK         1.0  PQ: 0 ANSI: 5
[    3.249251] scsi target2:0:1: Beginning Domain Validation
[    3.258616] scsi target2:0:1: Domain Validation skipping write tests
[    3.263877] scsi target2:0:1: Ending Domain Validation
[    3.266042] scsi target2:0:1: asynchronous
[    3.276704] sd 2:0:0:0: Attached scsi generic sg0 type 0
[    3.276705] sd 2:0:0:0: [sda] 20971520 512-byte logical blocks: (10.7 GB/10.0 GiB)
[    3.278889] sd 2:0:0:0: [sda] Write Protect is off
[    3.282226] sd 2:0:1:0: Attached scsi generic sg1 type 0
[    3.285194] sd 2:0:0:0: [sda] Incomplete mode parameter data
[    3.286972] sd 2:0:0:0: [sda] Assuming drive cache: write through
[    3.289088] sd 2:0:1:0: [sdb] 20480 512-byte logical blocks: (10.5 MB/10.0 MiB)
[    3.291798] sd 2:0:1:0: [sdb] Write Protect is off
[    3.293660] sd 2:0:1:0: [sdb] Incomplete mode parameter data
[    3.295403] sd 2:0:1:0: [sdb] Assuming drive cache: write through
[    3.298666]  sda: sda1
[    3.300885] sd 2:0:0:0: [sda] Attached SCSI disk
[    3.303981] sd 2:0:1:0: [sdb] Attached SCSI disk
[    3.324156] e1000 0000:00:08.0 eth1: (PCI:33MHz:32-bit) 08:00:27:3c:06:73
[    3.326610] e1000 0000:00:08.0 eth1: Intel(R) PRO/1000 Network Connection
[    3.330974] e1000 0000:00:03.0 enp0s3: renamed from eth0
[    3.350580] e1000 0000:00:08.0 enp0s8: renamed from eth1
Begin: Loading essential drivers ... [    5.605621] raid6: avx2x4   gen() 10677 MB/s
[    5.656467] raid6: avx2x4   xor()  5103 MB/s
[    5.705192] raid6: avx2x2   gen()  8009 MB/s
[    5.753075] raid6: avx2x2   xor()  4024 MB/s
[    5.801814] raid6: avx2x1   gen()  4915 MB/s
[    5.849611] raid6: avx2x1   xor()  2922 MB/s
[    5.897513] raid6: sse2x4   gen()  6906 MB/s
[    5.945306] raid6: sse2x4   xor()  3666 MB/s
[    5.993184] raid6: sse2x2   gen()  5497 MB/s
[    6.041988] raid6: sse2x2   xor()  2682 MB/s
[    6.089806] raid6: sse2x1   gen()  2606 MB/s
[    6.137877] raid6: sse2x1   xor()  1614 MB/s
[    6.140062] raid6: using algorithm avx2x4 gen() 10677 MB/s
[    6.142375] raid6: .... xor() 5103 MB/s, rmw enabled
[    6.144195] raid6: using avx2x2 recovery algorithm
[    6.148171] xor: automatically using best checksumming function   avx       
[    6.152581] async_tx: api initialized (async)
done.
Begin: Running /scripts/init-premount ... done.
Begin: Mounting root file system ... Begin: Running /scripts/local-top ... done.
Begin: Running /scripts/local-premount ... [    6.299165] Btrfs loaded, crc32c=crc32c-intel
Scanning for Btrfs filesystems
done.
Warning: fsck not present, so skipping root file system
[    6.354113] EXT4-fs (sda1): mounted filesystem with ordered data mode. Opts: (null)
done.
Begin: Running /scripts/local-bottom ... done.
Begin: Running /scripts/init-bottom ... done.
[    6.671566] systemd[1]: systemd 237 running in system mode. (+PAM +AUDIT +SELINUX +IMA +APPARMOR +SMACK +SYSVINIT +UTMP +LIBCRYPTSETUP +GCRYPT +GNUTLS +ACL +XZ +LZ4 +SECCOMP +BLKID +ELFUTILS +KMOD -IDN2 +IDN -PCRE2 default-hierarchy=hybrid)
[    6.680193] systemd[1]: Detected virtualization oracle.
[    6.682495] systemd[1]: Detected architecture x86-64.

Welcome to [1mUbuntu 18.04.4 LTS[0m!

[    6.702609] systemd[1]: Set hostname to <master>.
[    7.027229] systemd[1]: Reached target Swap.
[[0;32m  OK  [0m] Reached target Swap.
[    7.031111] systemd[1]: Reached target User and Group Name Lookups.
[[0;32m  OK  [0m] Reached target User and Group Name Lookups.
[    7.035242] systemd[1]: Set up automount Arbitrary Executable File Formats File System Automount Point.
[[0;32m  OK  [0m] Set up automount Arbitrary Executabâ€¦rmats File System Automount Point.
[    7.041956] systemd[1]: Started Forward Password Requests to Wall Directory Watch.
[[0;32m  OK  [0m] Started Forward Password Requests to Wall Directory Watch.
[    7.052614] systemd[1]: Created slice User and Session Slice.
[[0;32m  OK  [0m] Created slice User and Session Slice.
[    7.057126] systemd[1]: Reached target System Time Synchronized.
[[0;32m  OK  [0m] Reached target System Time Synchronized.
[[0;32m  OK  [0m] Created slice System Slice.
[[0;32m  OK  [0m] Listening on udev Kernel Socket.
[[0;32m  OK  [0m] Listening on /dev/initctl Compatibility Named Pipe.
[[0;32m  OK  [0m] Listening on Journal Audit Socket.
[[0;32m  OK  [0m] Listening on Journal Socket (/dev/log).
[[0;32m  OK  [0m] Listening on udev Control Socket.
[[0;32m  OK  [0m] Listening on LVM2 poll daemon socket.
[[0;32m  OK  [0m] Listening on Journal Socket.
         Mounting POSIX Message Queue File System...
         Mounting Huge Pages File System...
         Starting Create list of required stâ€¦ce nodes for the current kernel...
         Starting udev Coldplug all Devices...
         Starting Remount Root and Kernel File Systems...
         Starting Load Kernel Modules...
[[0;32m  OK  [0m] Created slice system-serial\x2dgetty.slice.
[[0;32m  OK  [0m] Listening on Device-mapper event daemon FIFOs.
         Mounting Kernel Debug File System...
[[0;32m  OK  [0m] Listening on Network Service Netlink Socket.
         Starting Set the console keyboard layout...
[[0;32m  OK  [0m] Listening on LVM2 metadata daemon socket.
         Starting Monitoring of LVM2 mirrorsâ€¦ng dmeventd or progress polling...
[[0;32m  OK  [0m] Reached target Slices.
         Starting Uncomplicated firewall...
[[0;32m  OK  [0m] Listening on Syslog Socket.
         Starting Journal Service...
[[0;32m  OK  [0m] Mounted POSIX Message Queue File System.
[[0;32m  OK  [0m] Mounted Huge Pages File System.
[[0;32m  OK  [0m] Started Create list of required staâ€¦vice nodes for the current kernel.
[[0;32m  OK  [0m] Mounted Kernel Debug File System.
[[0;32m  OK  [0m] Started Uncomplicated firewall.
[    7.205827] Loading iSCSI transport class v2.0-870.
         Starting Create Static Device Nodes in /dev...
[    7.217906] EXT4-fs (sda1): re-mounted. Opts: (null)
[[0;32m  OK  [0m] Started Remount Root and Kernel File Systems.
         Starting Load/Save Random Seed...
[    7.260880] iscsi: registered transport (tcp)
[[0;32m  OK  [0m] Started Create Static Device Nodes in /dev.
         Starting udev Kernel Device Manager...
[[0;32m  OK  [0m] Started Load/Save Random Seed.
[[0;32m  OK  [0m] Started LVM2 metadata daemon.
[[0;32m  OK  [0m] Started Monitoring of LVM2 mirrors,â€¦sing dmeventd or progress polling.
[    7.362520] iscsi: registered transport (iser)
[[0;32m  OK  [0m] Started udev Kernel Device Manager.
[[0;32m  OK  [0m] Started Load Kernel Modules.
         Mounting Kernel Configuration File System...
         Mounting FUSE Control File System...
         Starting Apply Kernel Variables...
[[0;32m  OK  [0m] Mounted Kernel Configuration File System.
[[0;32m  OK  [0m] Mounted FUSE Control File System.
[[0;32m  OK  [0m] Started Apply Kernel Variables.
[[0;32m  OK  [0m] Started Journal Service.
         Starting Flush Journal to Persistent Storage...
[[0;32m  OK  [0m] Started udev Coldplug all Devices.
[[0;32m  OK  [0m] Started Flush Journal to Persistent Storage.
[[0;32m  OK  [0m] Started Set the console keyboard layout.
[[0;32m  OK  [0m] Started Dispatch Password Requests to Console Directory Watch.
[[0;32m  OK  [0m] Reached target Local Encrypted Volumes.
[[0;32m  OK  [0m] Reached target Local File Systems (Pre).
[[0;32m  OK  [0m] Reached target Local File Systems.
         Starting Tell Plymouth To Write Out Runtime Data...
         Starting ebtables ruleset management...
         Starting Create Volatile Files and Directories...
         Starting AppArmor initialization...
         Starting Set console font and keymap...
[[0;32m  OK  [0m] Started Set console font and keymap.
[[0;32m  OK  [0m] Started Tell Plymouth To Write Out Runtime Data.
[[0;32m  OK  [0m] Started Create Volatile Files and Directories.
         Starting Update UTMP about System Boot/Shutdown...
[[0;32m  OK  [0m] Started Update UTMP about System Boot/Shutdown.
[[0;32m  OK  [0m] Started ebtables ruleset management.
[[0;32m  OK  [0m] Found device /dev/ttyS0.
[[0;32m  OK  [0m] Listening on Load/Save RF Kill Switch Status /dev/rfkill Watch.
[[0;32m  OK  [0m] Started AppArmor initialization.
         Starting Load AppArmor profiles managed internally by snapd...
         Starting Initial cloud-init job (pre-networking)...
[[0;32m  OK  [0m] Started Load AppArmor profiles managed internally by snapd.
[   12.229521] cloud-init[672]: Cloud-init v. 20.2-45-g5f7825e2-0ubuntu1~18.04.1 running 'init-local' at Wed, 21 Oct 2020 00:35:16 +0000. Up 11.82 seconds.
[[0;32m  OK  [0m] Started Initial cloud-init job (pre-networking).
[[0;32m  OK  [0m] Reached target Network (Pre).
         Starting Network Service...
[[0;32m  OK  [0m] Started Network Service.
         Starting Wait for Network to be Configured...
         Starting Network Name Resolution...
[[0;32m  OK  [0m] Started Network Name Resolution.
[[0;32m  OK  [0m] Reached target Network.
[[0;32m  OK  [0m] Reached target Host and Network Name Lookups.
[[0;32m  OK  [0m] Started Wait for Network to be Configured.
         Starting Initial cloud-init job (metadata service crawler)...
[   15.526730] cloud-init[778]: Cloud-init v. 20.2-45-g5f7825e2-0ubuntu1~18.04.1 running 'init' at Wed, 21 Oct 2020 00:35:20 +0000. Up 15.21 seconds.
[   15.530169] cloud-init[778]: ci-info: ++++++++++++++++++++++++++++++++++++++Net device info++++++++++++++++++++++++++++++++++++++
[   15.534165] cloud-init[778]: ci-info: +--------+------+----------------------------+---------------+--------+-------------------+
[   15.537157] cloud-init[778]: ci-info: | Device |  Up  |          Address           |      Mask     | Scope  |     Hw-Address    |
[   15.540306] cloud-init[778]: ci-info: +--------+------+----------------------------+---------------+--------+-------------------+
[   15.543773] cloud-init[778]: ci-info: | enp0s3 | True |         10.0.2.15          | 255.255.255.0 | global | 02:59:f8:fd:ee:87 |
[   15.546733] cloud-init[778]: ci-info: | enp0s3 | True | fe80::59:f8ff:fefd:ee87/64 |       .       |  link  | 02:59:f8:fd:ee:87 |
[   15.550111] cloud-init[778]: ci-info: | enp0s8 | True |        192.168.56.4        | 255.255.255.0 | global | 08:00:27:3c:06:73 |
[   15.554215] cloud-init[778]: ci-info: | enp0s8 | True | fe80::a00:27ff:fe3c:673/64 |       .       |  link  | 08:00:27:3c:06:73 |
[   15.558065] cloud-init[778]: ci-info: |   lo   | True |         127.0.0.1          |   255.0.0.0   |  host  |         .         |
[   15.561194] cloud-init[778]: ci-info: |   lo   | True |          ::1/128           |       .       |  host  |         .         |
[   15.563769] cloud-init[778]: ci-info: +--------+------+----------------------------+---------------+--------+-------------------+
[   15.566062] cloud-init[778]: ci-info: +++++++++++++++++++++++++++++Route IPv4 info+++++++++++++++++++++++++++++
[   15.568114] cloud-init[778]: ci-info: +-------+--------------+----------+-----------------+-----------+-------+
[   15.570158] cloud-init[778]: ci-info: | Route | Destination  | Gateway  |     Genmask     | Interface | Flags |
[   15.572906] cloud-init[778]: ci-info: +-------+--------------+----------+-----------------+-----------+-------+
[   15.575109] cloud-init[778]: ci-info: |   0   |   0.0.0.0    | 10.0.2.2 |     0.0.0.0     |   enp0s3  |   UG  |
[   15.577256] cloud-init[778]: ci-info: |   1   |   10.0.2.0   | 0.0.0.0  |  255.255.255.0  |   enp0s3  |   U   |
[   15.579301] cloud-init[778]: ci-info: |   2   |   10.0.2.2   | 0.0.0.0  | 255.255.255.255 |   enp0s3  |   UH  |
[   15.581852] cloud-init[778]: ci-info: |   3   | 192.168.56.0 | 0.0.0.0  |  255.255.255.0  |   enp0s8  |   U   |
[   15.584026] cloud-init[778]: ci-info: +-------+--------------+----------+-----------------+-----------+-------+
[   15.586311] cloud-init[778]: ci-info: +++++++++++++++++++Route IPv6 info+++++++++++++++++++
[   15.588139] cloud-init[778]: ci-info: +-------+-------------+---------+-----------+-------+
[   15.590016] cloud-init[778]: ci-info: | Route | Destination | Gateway | Interface | Flags |
[   15.593478] cloud-init[778]: ci-info: +-------+-------------+---------+-----------+-------+
[   15.595115] cloud-init[778]: ci-info: |   1   |  fe80::/64  |    ::   |   enp0s8  |   U   |
[   15.596598] cloud-init[778]: ci-info: |   2   |  fe80::/64  |    ::   |   enp0s3  |   U   |
[   15.598194] cloud-init[778]: ci-info: |   4   |    local    |    ::   |   enp0s3  |   U   |
[   15.600047] cloud-init[778]: ci-info: |   5   |    local    |    ::   |   enp0s8  |   U   |
[   15.601414] cloud-init[778]: ci-info: |   6   |   ff00::/8  |    ::   |   enp0s8  |   U   |
[   15.602981] cloud-init[778]: ci-info: |   7   |   ff00::/8  |    ::   |   enp0s3  |   U   |
[   15.613775] cloud-init[778]: ci-info: +-------+-------------+---------+-----------+-------+
[[0;32m  OK  [0m] Started Initial cloud-init job (metadata service crawler).
[[0;32m  OK  [0m] Reached target Cloud-config availability.
[[0;32m  OK  [0m] Reached target System Initialization.
[[0;32m  OK  [0m] Started Daily Cleanup of Temporary Directories.
         Starting LXD - unix socket.
[[0;32m  OK  [0m] Listening on ACPID Listen Socket.
[[0;32m  OK  [0m] Listening on UUID daemon activation socket.
[[0;32m  OK  [0m] Started Message of the Day.
[[0;32m  OK  [0m] Listening on Open-iSCSI iscsid Socket.
[[0;32m  OK  [0m] Started ACPI Events Check.
[[0;32m  OK  [0m] Reached target Paths.
[[0;32m  OK  [0m] Listening on D-Bus System Message Bus Socket.
         Starting Socket activation for snappy daemon.
[[0;32m  OK  [0m] Started Discard unused blocks once a week.
[[0;32m  OK  [0m] Started Daily apt download activities.
[[0;32m  OK  [0m] Started Daily apt upgrade and clean activities.
[[0;32m  OK  [0m] Reached target Timers.
[[0;32m  OK  [0m] Reached target Network is Online.
         Starting Availability of block devices...
[[0;32m  OK  [0m] Reached target Remote File Systems (Pre).
[[0;32m  OK  [0m] Reached target Remote File Systems.
[[0;32m  OK  [0m] Listening on LXD - unix socket.
[[0;32m  OK  [0m] Listening on Socket activation for snappy daemon.
[[0;32m  OK  [0m] Reached target Sockets.
[[0;32m  OK  [0m] Reached target Basic System.
[[0;32m  OK  [0m] Started Deferred execution scheduler.
         Starting Snap Daemon...
         Starting LSB: Record successful boot for GRUB...
         Starting Dispatcher daemon for systemd-networkd...
         Starting LSB: automatic crash report generation...
         Starting Login Service...
[[0;32m  OK  [0m] Started irqbalance daemon.
         Starting Accounts Service...
         Starting System Logging Service...
         Starting Virtualbox guest utils...
         Starting OpenBSD Secure Shell server...
[[0;32m  OK  [0m] Started An object/document-oriented database.
[[0;32m  OK  [0m] Started D-Bus System Message Bus.
         Starting Permit User Sessions...
[[0;32m  OK  [0m] Started Regular background program processing daemon.
[[0;32m  OK  [0m] Started FUSE filesystem for LXC.
         Starting LXD - container startup/shutdown...
[[0;32m  OK  [0m] Started System Logging Service.
[[0;32m  OK  [0m] Started Availability of block devices.
[[0;32m  OK  [0m] Started Permit User Sessions.
[[0;32m  OK  [0m] Started Login Service.
         Starting Authorization Manager...
[[0;32m  OK  [0m] Started Unattended Upgrades Shutdown.
         Starting Hold until boot process finishes up...
         Starting Terminate Plymouth Boot Screen...
[[0;32m  OK  [0m] Started Hold until boot process finishes up.
         Starting Set console scheme...
[[0;32m  OK  [0m] Started Serial Getty on ttyS0.
[[0;32m  OK  [0m] Started Terminate Plymouth Boot Screen.
[[0;32m  OK  [0m] Started Set console scheme.
[[0;32m  OK  [0m] Created slice system-getty.slice.
[[0;32m  OK  [0m] Started Getty on tty1.
[[0;32m  OK  [0m] Reached target Login Prompts.
[[0;32m  OK  [0m] Started LSB: Record successful boot for GRUB.
[[0;32m  OK  [0m] Started LSB: automatic crash report generation.
[[0;32m  OK  [0m] Started OpenBSD Secure Shell server.
[[0;32m  OK  [0m] Started Authorization Manager.
[[0;32m  OK  [0m] Started Accounts Service.
[[0;32m  OK  [0m] Started Virtualbox guest utils.
[[0;32m  OK  [0m] Started LXD - container startup/shutdown.
[[0;32m  OK  [0m] Started Dispatcher daemon for systemd-networkd.
[[0;32m  OK  [0m] Started Snap Daemon.
         Starting Wait until snapd is fully seeded...
[[0;32m  OK  [0m] Started Wait until snapd is fully seeded.
         Starting Apply the settings specified in cloud-config...
[[0;32m  OK  [0m] Reached target Multi-User System.
[[0;32m  OK  [0m] Reached target Graphical Interface.
         Starting Update UTMP about System Runlevel Changes...
[[0;32m  OK  [0m] Started Update UTMP about System Runlevel Changes.
[[0;32m  OK  [0m] Created slice User Slice of vagrant.
         Starting User Manager for UID 1000...
[[0;32m  OK  [0m] Started Session 1 of user vagrant.
[[0;32m  OK  [0m] Started User Manager for UID 1000.
[   18.947104] cloud-init[1009]: Cloud-init v. 20.2-45-g5f7825e2-0ubuntu1~18.04.1 running 'modules:config' at Wed, 21 Oct 2020 00:35:23 +0000. Up 18.50 seconds.
[[0;32m  OK  [0m] Started Apply the settings specified in cloud-config.
         Starting Execute cloud user/final scripts...
[   21.187789] cloud-init[1093]: Cloud-init v. 20.2-45-g5f7825e2-0ubuntu1~18.04.1 running 'modules:final' at Wed, 21 Oct 2020 00:35:25 +0000. Up 20.91 seconds.
[   21.191110] cloud-init[1093]: Cloud-init v. 20.2-45-g5f7825e2-0ubuntu1~18.04.1 finished at Wed, 21 Oct 2020 00:35:25 +0000. Datasource DataSourceNoCloud [seed=/dev/sdb][dsmode=net].  Up 21.16 seconds

Ubuntu 18.04.4 LTS master ttyS0

master login: 